I'm sorry, but errors were detected in your script. Please correct the
errors listed below, and try again.


File "game/script.rpy", line 189: expected menuitem
    show scene stall2    
    ^

Ren'Py Version: Ren'Py 8.3.7.25031702
Tue Mar 25 12:07:22 2025
